{
  "control": {
    "trials_observed": 12,
    "trials_with_applied_guidance": 0,
    "trials_with_rules": 0,
    "trials_with_anchor": 12,
    "trials_with_executed_checks": 0,
    "trials_with_check_omissions_on_completion": 0,
    "check_omissions_on_completion": 0,
    "trials_with_unrestored_check_omissions": 0,
    "unrestored_check_omissions": 0,
    "omissions_without_matching_feedback": 0,
    "actions": {
      "continue": 14,
      "verify": 35
    }
  },
  "learning": {
    "trials_observed": 12,
    "trials_with_applied_guidance": 0,
    "trials_with_rules": 6,
    "trials_with_anchor": 12,
    "trials_with_executed_checks": 0,
    "trials_with_check_omissions_on_completion": 0,
    "check_omissions_on_completion": 0,
    "trials_with_unrestored_check_omissions": 0,
    "unrestored_check_omissions": 0,
    "omissions_without_matching_feedback": 0,
    "actions": {
      "continue": 13,
      "verify": 30
    }
  }
}
