{
  "control": {
    "trials_observed": 6,
    "trials_with_applied_guidance": 6,
    "trials_with_rules": 0,
    "trials_with_anchor": 6,
    "trials_with_executed_checks": 2,
    "trials_with_check_omissions_on_completion": 2,
    "check_omissions_on_completion": 2,
    "trials_with_unrestored_check_omissions": 0,
    "unrestored_check_omissions": 0,
    "omissions_without_matching_feedback": 0,
    "actions": {
      "continue": 6,
      "verify": 21
    }
  },
  "learning": {
    "trials_observed": 6,
    "trials_with_applied_guidance": 6,
    "trials_with_rules": 0,
    "trials_with_anchor": 6,
    "trials_with_executed_checks": 2,
    "trials_with_check_omissions_on_completion": 2,
    "check_omissions_on_completion": 2,
    "trials_with_unrestored_check_omissions": 0,
    "unrestored_check_omissions": 0,
    "omissions_without_matching_feedback": 0,
    "actions": {
      "continue": 6,
      "verify": 21
    }
  }
}
