{
  "control": {
    "trials_observed": 24,
    "trials_with_applied_guidance": 0,
    "trials_with_rules": 0,
    "trials_with_anchor": 24,
    "trials_with_executed_checks": 10,
    "trials_with_check_omissions_on_completion": 7,
    "check_omissions_on_completion": 10,
    "trials_with_unrestored_check_omissions": 0,
    "unrestored_check_omissions": 0,
    "omissions_without_matching_feedback": 0,
    "actions": {
      "review_commitment": 18,
      "continue": 21,
      "verify": 79
    }
  },
  "guided": {
    "trials_observed": 24,
    "trials_with_applied_guidance": 24,
    "trials_with_rules": 0,
    "trials_with_anchor": 24,
    "trials_with_executed_checks": 7,
    "trials_with_check_omissions_on_completion": 7,
    "check_omissions_on_completion": 10,
    "trials_with_unrestored_check_omissions": 0,
    "unrestored_check_omissions": 0,
    "omissions_without_matching_feedback": 0,
    "actions": {
      "review_commitment": 18,
      "continue": 21,
      "verify": 73
    }
  }
}
